<html>
<body>
<pre>
<h1>µVision Build Log</h1>
<h2>Project:</h2>
E:\v23be6r3\v23be6r3\arm\PROJECT\node B\nodeB.uvproj
Project File Date:  05/03/2024

<h2>Output:</h2>
Build target 'Target 1'
assembling Startup.s...
compiling canB_driver.c...
compiling canB_interrupt.c...
compiling nodeB_main.c...
compiling ultra_driver.c...
compiling uart0_driver.c...
compiling delay.c...
linking...
Program Size: Code=5024 RO-data=116 RW-data=12 ZI-data=1292  
FromELF: creating hex file...
"nodeB.axf" - 0 Error(s), 0 Warning(s).
Build target 'Target 1'
assembling Startup.s...
compiling canB_driver.c...
compiling canB_interrupt.c...
compiling nodeB_main.c...
compiling ultra_driver.c...
compiling uart0_driver.c...
compiling delay.c...
linking...
Program Size: Code=5024 RO-data=116 RW-data=12 ZI-data=1292  
FromELF: creating hex file...
"nodeB.axf" - 0 Error(s), 0 Warning(s).
Build target 'Target 1'
assembling Startup.s...
compiling canB_driver.c...
compiling canB_interrupt.c...
compiling nodeB_main.c...
compiling ultra_driver.c...
compiling uart0_driver.c...
compiling delay.c...
linking...
Program Size: Code=5024 RO-data=116 RW-data=12 ZI-data=1292  
FromELF: creating hex file...
"nodeB.axf" - 0 Error(s), 0 Warning(s).
